// Vitest Snapshot v1, https://vitest.dev/guide/snapshot.html

exports[`compileScript > is deterministic (snapshot of steps and timings) 1`] = `
[
  "hook hook 10370",
  "context context:cards 10109",
  "context context:layout 8543",
  "context context:extras 9065",
  "tokenize tokenize:chips 10891",
  "tokenize tokenize:ids 13761",
  "tokenize tokenize:callouts 7761",
  "tokenize tokenize:count 7761",
  "network network:lookup 11413",
  "network network:prefill 9326",
  "network network:attention-sample 11674",
  "network network:attention-yours 6717",
  "options options:strip 9326",
  "options options:bars 6196",
  "options options:meaning 9326",
  "pick pick:draw 8283",
  "pick pick:settings 8543",
  "loop loop:decode 11152",
  "loop loop:montage:0 5152",
  "loop loop:moment:7 5674 pause",
  "loop loop:montage:1 1680",
  "loop loop:moment:21 5674 pause",
  "loop loop:montage:2 1920",
  "loop loop:end 10630",
]
`;
