// Vitest Snapshot v1, https://vitest.dev/guide/snapshot.html

exports[`compileScript > is deterministic (snapshot of steps and timings) 1`] = `
[
  "context context:cards 10109",
  "context context:layout 8543",
  "context context:extras 9065",
  "input tokenize:chips 10891",
  "input tokenize:ids 13761",
  "input tokenize:callouts 7761",
  "input tokenize:count 7761",
  "input network:lookup 10370",
  "input network:prefill 10891",
  "input network:attention-sample 11674",
  "input network:attention-yours 6717",
  "generation options:strip 9326",
  "generation options:bars 5990",
  "generation options:meaning 9326",
  "generation pick:draw 8283",
  "generation pick:settings 8543",
  "generation loop:decode 11152",
  "generation loop:montage:0 5152",
  "generation loop:montage:1 1680",
  "generation loop:montage:2 1920",
  "ending loop:end 10630",
  "review hook 10370",
  "review loop:moment:21 5674 pause",
]
`;
