// Vitest Snapshot v1, https://vitest.dev/guide/snapshot.html

exports[`compileScript > is deterministic (snapshot of steps and timings) 1`] = `
[
  "hook hook 10630",
  "context context:cards 6717",
  "context context:layout 6457",
  "context context:extras 6978",
  "tokenize tokenize:chips 6717",
  "tokenize tokenize:ids 7500",
  "tokenize tokenize:callouts 5935",
  "tokenize tokenize:count 8022",
  "network network:lookup 7239",
  "network network:prefill 6457",
  "network network:attention-sample 7500",
  "network network:attention-yours 6717",
  "options options:strip 6978",
  "options options:bars 6457",
  "options options:meaning 5674",
  "pick pick:draw 6196",
  "pick pick:settings 8804",
  "loop loop:decode 8022",
  "loop loop:montage:0 5152",
  "loop loop:moment:7 6196 pause",
  "loop loop:montage:1 1680",
  "loop loop:moment:21 6196 pause",
  "loop loop:montage:2 1920",
  "loop loop:end 8283",
]
`;
